---
source: tests/errors.rs
expression: err.to_string()
---
Invalid ending timestamp on line 2
