---
source: tests/errors.rs
expression: err.to_string()
---
Invalid ID-marker on line 1
