---
source: tests/errors.rs
expression: err.to_string()
---
End timestamp is before start on line 2
