---
source: tests/integration_tests/errors.rs
expression: err.to_string()
---
Invalid timestamp divider on line 2
