---
source: tests/integration_tests/errors.rs
expression: err.to_string()
---
Invalid starting timestamp on line 2
